Archive member included to satisfy reference by file (symbol)

c:/st/stm32cubeide_1.1.0/stm32cubeide/plugins/com.st.stm32cube.ide.mcu.externaltools.gnu-tools-for-stm32.7-2018-q2-update.win32_1.0.0.201904181610/tools/bin/../lib/gcc/arm-none-eabi/7.3.1/../../../../arm-none-eabi/lib/thumb/v7e-m/fpv4-sp/hard\libc_nano.a(lib_a-errno.o)
                              Core/Src/syscalls.o (__errno)
c:/st/stm32cubeide_1.1.0/stm32cubeide/plugins/com.st.stm32cube.ide.mcu.externaltools.gnu-tools-for-stm32.7-2018-q2-update.win32_1.0.0.201904181610/tools/bin/../lib/gcc/arm-none-eabi/7.3.1/../../../../arm-none-eabi/lib/thumb/v7e-m/fpv4-sp/hard\libc_nano.a(lib_a-exit.o)
                              c:/st/stm32cubeide_1.1.0/stm32cubeide/plugins/com.st.stm32cube.ide.mcu.externaltools.gnu-tools-for-stm32.7-2018-q2-update.win32_1.0.0.201904181610/tools/bin/../lib/gcc/arm-none-eabi/7.3.1/../../../../arm-none-eabi/lib/thumb/v7e-m/fpv4-sp/hard/crt0.o (exit)
c:/st/stm32cubeide_1.1.0/stm32cubeide/plugins/com.st.stm32cube.ide.mcu.externaltools.gnu-tools-for-stm32.7-2018-q2-update.win32_1.0.0.201904181610/tools/bin/../lib/gcc/arm-none-eabi/7.3.1/../../../../arm-none-eabi/lib/thumb/v7e-m/fpv4-sp/hard\libc_nano.a(lib_a-impure.o)
                              c:/st/stm32cubeide_1.1.0/stm32cubeide/plugins/com.st.stm32cube.ide.mcu.externaltools.gnu-tools-for-stm32.7-2018-q2-update.win32_1.0.0.201904181610/tools/bin/../lib/gcc/arm-none-eabi/7.3.1/../../../../arm-none-eabi/lib/thumb/v7e-m/fpv4-sp/hard\libc_nano.a(lib_a-exit.o) (_global_impure_ptr)
c:/st/stm32cubeide_1.1.0/stm32cubeide/plugins/com.st.stm32cube.ide.mcu.externaltools.gnu-tools-for-stm32.7-2018-q2-update.win32_1.0.0.201904181610/tools/bin/../lib/gcc/arm-none-eabi/7.3.1/../../../../arm-none-eabi/lib/thumb/v7e-m/fpv4-sp/hard\libc_nano.a(lib_a-init.o)
                              c:/st/stm32cubeide_1.1.0/stm32cubeide/plugins/com.st.stm32cube.ide.mcu.externaltools.gnu-tools-for-stm32.7-2018-q2-update.win32_1.0.0.201904181610/tools/bin/../lib/gcc/arm-none-eabi/7.3.1/../../../../arm-none-eabi/lib/thumb/v7e-m/fpv4-sp/hard/crt0.o (__libc_init_array)
c:/st/stm32cubeide_1.1.0/stm32cubeide/plugins/com.st.stm32cube.ide.mcu.externaltools.gnu-tools-for-stm32.7-2018-q2-update.win32_1.0.0.201904181610/tools/bin/../lib/gcc/arm-none-eabi/7.3.1/../../../../arm-none-eabi/lib/thumb/v7e-m/fpv4-sp/hard\libc_nano.a(lib_a-memset.o)
                              c:/st/stm32cubeide_1.1.0/stm32cubeide/plugins/com.st.stm32cube.ide.mcu.externaltools.gnu-tools-for-stm32.7-2018-q2-update.win32_1.0.0.201904181610/tools/bin/../lib/gcc/arm-none-eabi/7.3.1/../../../../arm-none-eabi/lib/thumb/v7e-m/fpv4-sp/hard/crt0.o (memset)
c:/st/stm32cubeide_1.1.0/stm32cubeide/plugins/com.st.stm32cube.ide.mcu.externaltools.gnu-tools-for-stm32.7-2018-q2-update.win32_1.0.0.201904181610/tools/bin/../lib/gcc/arm-none-eabi/7.3.1/thumb/v7e-m/fpv4-sp/hard\libgcc.a(_aeabi_uldivmod.o)
                              Drivers/STM32F4xx_HAL_Driver/Src/stm32f4xx_hal_rcc.o (__aeabi_uldivmod)
c:/st/stm32cubeide_1.1.0/stm32cubeide/plugins/com.st.stm32cube.ide.mcu.externaltools.gnu-tools-for-stm32.7-2018-q2-update.win32_1.0.0.201904181610/tools/bin/../lib/gcc/arm-none-eabi/7.3.1/thumb/v7e-m/fpv4-sp/hard\libgcc.a(_udivmoddi4.o)
                              c:/st/stm32cubeide_1.1.0/stm32cubeide/plugins/com.st.stm32cube.ide.mcu.externaltools.gnu-tools-for-stm32.7-2018-q2-update.win32_1.0.0.201904181610/tools/bin/../lib/gcc/arm-none-eabi/7.3.1/thumb/v7e-m/fpv4-sp/hard\libgcc.a(_aeabi_uldivmod.o) (__udivmoddi4)
c:/st/stm32cubeide_1.1.0/stm32cubeide/plugins/com.st.stm32cube.ide.mcu.externaltools.gnu-tools-for-stm32.7-2018-q2-update.win32_1.0.0.201904181610/tools/bin/../lib/gcc/arm-none-eabi/7.3.1/thumb/v7e-m/fpv4-sp/hard\libgcc.a(_dvmd_tls.o)
                              c:/st/stm32cubeide_1.1.0/stm32cubeide/plugins/com.st.stm32cube.ide.mcu.externaltools.gnu-tools-for-stm32.7-2018-q2-update.win32_1.0.0.201904181610/tools/bin/../lib/gcc/arm-none-eabi/7.3.1/thumb/v7e-m/fpv4-sp/hard\libgcc.a(_aeabi_uldivmod.o) (__aeabi_ldiv0)

Allocating common symbols
Common symbol       size              file

DMAbuf              0x29              Core/Src/GT911.o
hdma_i2c1_tx        0x60              Core/Src/main.o
hi2c1               0x54              Core/Src/main.o
hcrc                0x8               Core/Src/main.o
uwTick              0x4               Drivers/STM32F4xx_HAL_Driver/Src/stm32f4xx_hal.o
pFlash              0x20              Drivers/STM32F4xx_HAL_Driver/Src/stm32f4xx_hal_flash.o
hdma_i2c1_rx        0x60              Core/Src/main.o
Dev_Now             0x28              Core/Src/GT911.o
hdma2d              0x40              Core/Src/main.o
GT911buf            0x29              Core/Src/GT911.o
Dev_Backup          0x28              Core/Src/GT911.o

Discarded input sections

[...]
Memory Configuration

Name             Origin             Length             Attributes
CCMRAM           0x0000000010000000 0x0000000000010000 xrw
RAM              0x0000000020000000 0x0000000000030000 xrw
FLASH            0x0000000008000000 0x0000000000100000 xr
*default*        0x0000000000000000 0xffffffffffffffff

Linker script and memory map

LOAD c:/st/stm32cubeide_1.1.0/stm32cubeide/plugins/com.st.stm32cube.ide.mcu.externaltools.gnu-tools-for-stm32.7-2018-q2-update.win32_1.0.0.201904181610/tools/bin/../lib/gcc/arm-none-eabi/7.3.1/thumb/v7e-m/fpv4-sp/hard/crti.o
LOAD c:/st/stm32cubeide_1.1.0/stm32cubeide/plugins/com.st.stm32cube.ide.mcu.externaltools.gnu-tools-for-stm32.7-2018-q2-update.win32_1.0.0.201904181610/tools/bin/../lib/gcc/arm-none-eabi/7.3.1/thumb/v7e-m/fpv4-sp/hard/crtbegin.o
LOAD c:/st/stm32cubeide_1.1.0/stm32cubeide/plugins/com.st.stm32cube.ide.mcu.externaltools.gnu-tools-for-stm32.7-2018-q2-update.win32_1.0.0.201904181610/tools/bin/../lib/gcc/arm-none-eabi/7.3.1/../../../../arm-none-eabi/lib/thumb/v7e-m/fpv4-sp/hard/crt0.o
LOAD Core/Src/GT911.o
LOAD Core/Src/main.o
LOAD Core/Src/stm32f4xx_hal_msp.o
LOAD Core/Src/stm32f4xx_it.o
LOAD Core/Src/syscalls.o
LOAD Core/Src/sysmem.o
LOAD Core/Src/system_stm32f4xx.o
LOAD Core/Startup/startup_stm32f429igtx.o
LOAD Drivers/STM32F4xx_HAL_Driver/Src/stm32f4xx_hal.o
LOAD Drivers/STM32F4xx_HAL_Driver/Src/stm32f4xx_hal_cortex.o
LOAD Drivers/STM32F4xx_HAL_Driver/Src/stm32f4xx_hal_crc.o
LOAD Drivers/STM32F4xx_HAL_Driver/Src/stm32f4xx_hal_dma.o
LOAD Drivers/STM32F4xx_HAL_Driver/Src/stm32f4xx_hal_dma2d.o
LOAD Drivers/STM32F4xx_HAL_Driver/Src/stm32f4xx_hal_dma_ex.o
LOAD Drivers/STM32F4xx_HAL_Driver/Src/stm32f4xx_hal_exti.o
LOAD Drivers/STM32F4xx_HAL_Driver/Src/stm32f4xx_hal_flash.o
LOAD Drivers/STM32F4xx_HAL_Driver/Src/stm32f4xx_hal_flash_ex.o
LOAD Drivers/STM32F4xx_HAL_Driver/Src/stm32f4xx_hal_flash_ramfunc.o
LOAD Drivers/STM32F4xx_HAL_Driver/Src/stm32f4xx_hal_gpio.o
LOAD Drivers/STM32F4xx_HAL_Driver/Src/stm32f4xx_hal_i2c.o
LOAD Drivers/STM32F4xx_HAL_Driver/Src/stm32f4xx_hal_i2c_ex.o
LOAD Drivers/STM32F4xx_HAL_Driver/Src/stm32f4xx_hal_pwr.o
LOAD Drivers/STM32F4xx_HAL_Driver/Src/stm32f4xx_hal_pwr_ex.o
LOAD Drivers/STM32F4xx_HAL_Driver/Src/stm32f4xx_hal_rcc.o
LOAD Drivers/STM32F4xx_HAL_Driver/Src/stm32f4xx_hal_rcc_ex.o
LOAD Drivers/STM32F4xx_HAL_Driver/Src/stm32f4xx_hal_tim.o
LOAD Drivers/STM32F4xx_HAL_Driver/Src/stm32f4xx_hal_tim_ex.o
START GROUP
LOAD c:/st/stm32cubeide_1.1.0/stm32cubeide/plugins/com.st.stm32cube.ide.mcu.externaltools.gnu-tools-for-stm32.7-2018-q2-update.win32_1.0.0.201904181610/tools/bin/../lib/gcc/arm-none-eabi/7.3.1/../../../../arm-none-eabi/lib/thumb/v7e-m/fpv4-sp/hard\libc_nano.a
LOAD c:/st/stm32cubeide_1.1.0/stm32cubeide/plugins/com.st.stm32cube.ide.mcu.externaltools.gnu-tools-for-stm32.7-2018-q2-update.win32_1.0.0.201904181610/tools/bin/../lib/gcc/arm-none-eabi/7.3.1/../../../../arm-none-eabi/lib/thumb/v7e-m/fpv4-sp/hard\libm.a
END GROUP
START GROUP
LOAD c:/st/stm32cubeide_1.1.0/stm32cubeide/plugins/com.st.stm32cube.ide.mcu.externaltools.gnu-tools-for-stm32.7-2018-q2-update.win32_1.0.0.201904181610/tools/bin/../lib/gcc/arm-none-eabi/7.3.1/thumb/v7e-m/fpv4-sp/hard\libgcc.a
LOAD c:/st/stm32cubeide_1.1.0/stm32cubeide/plugins/com.st.stm32cube.ide.mcu.externaltools.gnu-tools-for-stm32.7-2018-q2-update.win32_1.0.0.201904181610/tools/bin/../lib/gcc/arm-none-eabi/7.3.1/../../../../arm-none-eabi/lib/thumb/v7e-m/fpv4-sp/hard\libc_nano.a
END GROUP
START GROUP
LOAD c:/st/stm32cubeide_1.1.0/stm32cubeide/plugins/com.st.stm32cube.ide.mcu.externaltools.gnu-tools-for-stm32.7-2018-q2-update.win32_1.0.0.201904181610/tools/bin/../lib/gcc/arm-none-eabi/7.3.1/thumb/v7e-m/fpv4-sp/hard\libgcc.a
LOAD c:/st/stm32cubeide_1.1.0/stm32cubeide/plugins/com.st.stm32cube.ide.mcu.externaltools.gnu-tools-for-stm32.7-2018-q2-update.win32_1.0.0.201904181610/tools/bin/../lib/gcc/arm-none-eabi/7.3.1/../../../../arm-none-eabi/lib/thumb/v7e-m/fpv4-sp/hard\libc_nano.a
LOAD c:/st/stm32cubeide_1.1.0/stm32cubeide/plugins/com.st.stm32cube.ide.mcu.externaltools.gnu-tools-for-stm32.7-2018-q2-update.win32_1.0.0.201904181610/tools/bin/../lib/gcc/arm-none-eabi/7.3.1/../../../../arm-none-eabi/lib/thumb/v7e-m/fpv4-sp/hard\libnosys.a
END GROUP
START GROUP
LOAD c:/st/stm32cubeide_1.1.0/stm32cubeide/plugins/com.st.stm32cube.ide.mcu.externaltools.gnu-tools-for-stm32.7-2018-q2-update.win32_1.0.0.201904181610/tools/bin/../lib/gcc/arm-none-eabi/7.3.1/thumb/v7e-m/fpv4-sp/hard\libgcc.a
LOAD c:/st/stm32cubeide_1.1.0/stm32cubeide/plugins/com.st.stm32cube.ide.mcu.externaltools.gnu-tools-for-stm32.7-2018-q2-update.win32_1.0.0.201904181610/tools/bin/../lib/gcc/arm-none-eabi/7.3.1/../../../../arm-none-eabi/lib/thumb/v7e-m/fpv4-sp/hard\libc_nano.a
LOAD c:/st/stm32cubeide_1.1.0/stm32cubeide/plugins/com.st.stm32cube.ide.mcu.externaltools.gnu-tools-for-stm32.7-2018-q2-update.win32_1.0.0.201904181610/tools/bin/../lib/gcc/arm-none-eabi/7.3.1/../../../../arm-none-eabi/lib/thumb/v7e-m/fpv4-sp/hard\libnosys.a
END GROUP
LOAD c:/st/stm32cubeide_1.1.0/stm32cubeide/plugins/com.st.stm32cube.ide.mcu.externaltools.gnu-tools-for-stm32.7-2018-q2-update.win32_1.0.0.201904181610/tools/bin/../lib/gcc/arm-none-eabi/7.3.1/thumb/v7e-m/fpv4-sp/hard/crtend.o
LOAD c:/st/stm32cubeide_1.1.0/stm32cubeide/plugins/com.st.stm32cube.ide.mcu.externaltools.gnu-tools-for-stm32.7-2018-q2-update.win32_1.0.0.201904181610/tools/bin/../lib/gcc/arm-none-eabi/7.3.1/thumb/v7e-m/fpv4-sp/hard/crtn.o
                0x0000000020030000                _estack = (ORIGIN (RAM) + LENGTH (RAM))
                0x0000000000000200                _Min_Heap_Size = 0x200
                0x0000000000000400                _Min_Stack_Size = 0x400

.isr_vector     0x0000000008000000      0x1ac
                0x0000000008000000                . = ALIGN (0x4)
 *(.isr_vector)
 .isr_vector    0x0000000008000000      0x1ac Core/Startup/startup_stm32f429igtx.o
                0x0000000008000000                g_pfnVectors
                0x00000000080001ac                . = ALIGN (0x4)

.text           0x00000000080001ac     0x53a4
                0x00000000080001ac                . = ALIGN (0x4)
 *(.text)
 .text          0x00000000080001ac       0x40 c:/st/stm32cubeide_1.1.0/stm32cubeide/plugins/com.st.stm32cube.ide.mcu.externaltools.gnu-tools-for-stm32.7-2018-q2-update.win32_1.0.0.201904181610/tools/bin/../lib/gcc/arm-none-eabi/7.3.1/thumb/v7e-m/fpv4-sp/hard/crtbegin.o
 .text          0x00000000080001ec       0x30 c:/st/stm32cubeide_1.1.0/stm32cubeide/plugins/com.st.stm32cube.ide.mcu.externaltools.gnu-tools-for-stm32.7-2018-q2-update.win32_1.0.0.201904181610/tools/bin/../lib/gcc/arm-none-eabi/7.3.1/thumb/v7e-m/fpv4-sp/hard\libgcc.a(_aeabi_uldivmod.o)
                0x00000000080001ec                __aeabi_uldivmod
 .text          0x000000000800021c      0x2cc c:/st/stm32cubeide_1.1.0/stm32cubeide/plugins/com.st.stm32cube.ide.mcu.externaltools.gnu-tools-for-stm32.7-2018-q2-update.win32_1.0.0.201904181610/tools/bin/../lib/gcc/arm-none-eabi/7.3.1/thumb/v7e-m/fpv4-sp/hard\libgcc.a(_udivmoddi4.o)
                0x000000000800021c                __udivmoddi4
 .text          0x00000000080004e8        0x4 c:/st/stm32cubeide_1.1.0/stm32cubeide/plugins/com.st.stm32cube.ide.mcu.externaltools.gnu-tools-for-stm32.7-2018-q2-update.win32_1.0.0.201904181610/tools/bin/../lib/gcc/arm-none-eabi/7.3.1/thumb/v7e-m/fpv4-sp/hard\libgcc.a(_dvmd_tls.o)
                0x00000000080004e8                __aeabi_idiv0
                0x00000000080004e8                __aeabi_ldiv0
 *(.text*)
 .text.i2c_hw_reset
                0x00000000080004ec       0x8c Core/Src/GT911.o
 .text.GT911_init
                0x0000000008000578       0x98 Core/Src/GT911.o
                0x0000000008000578                GT911_init
 .text.IICReset
                0x0000000008000610       0x40 Core/Src/GT911.o
                0x0000000008000610                IICReset
 .text.GT911_Scan
                0x0000000008000650      0x420 Core/Src/GT911.o
                0x0000000008000650                GT911_Scan
 .text.main     0x0000000008000a70       0x26 Core/Src/main.o
                0x0000000008000a70                main
 *fill*         0x0000000008000a96        0x2 
 .text.SystemClock_Config
                0x0000000008000a98       0xe0 Core/Src/main.o
                0x0000000008000a98                SystemClock_Config
 .text.MX_CRC_Init
                0x0000000008000b78       0x28 Core/Src/main.o
 .text.MX_DMA2D_Init
                0x0000000008000ba0       0x64 Core/Src/main.o
 .text.MX_I2C1_Init
                0x0000000008000c04       0x80 Core/Src/main.o
 .text.MX_DMA_Init
                0x0000000008000c84       0x50 Core/Src/main.o
 .text.MX_GPIO_Init
                0x0000000008000cd4       0xa8 Core/Src/main.o
 .text.Error_Handler
                0x0000000008000d7c        0xe Core/Src/main.o
                0x0000000008000d7c                Error_Handler
 *fill*         0x0000000008000d8a        0x2 
 .text.HAL_MspInit
                0x0000000008000d8c       0x50 Core/Src/stm32f4xx_hal_msp.o
                0x0000000008000d8c                HAL_MspInit
 .text.HAL_CRC_MspInit
                0x0000000008000ddc       0x44 Core/Src/stm32f4xx_hal_msp.o
                0x0000000008000ddc                HAL_CRC_MspInit
 .text.HAL_DMA2D_MspInit
                0x0000000008000e20       0x44 Core/Src/stm32f4xx_hal_msp.o
                0x0000000008000e20                HAL_DMA2D_MspInit
 .text.HAL_I2C_MspInit
                0x0000000008000e64      0x16c Core/Src/stm32f4xx_hal_msp.o
                0x0000000008000e64                HAL_I2C_MspInit
 .text.HAL_I2C_MspDeInit
                0x0000000008000fd0       0x58 Core/Src/stm32f4xx_hal_msp.o
                0x0000000008000fd0                HAL_I2C_MspDeInit
 .text.NMI_Handler
                0x0000000008001028        0xe Core/Src/stm32f4xx_it.o
                0x0000000008001028                NMI_Handler
 .text.HardFault_Handler
                0x0000000008001036        0x6 Core/Src/stm32f4xx_it.o
                0x0000000008001036                HardFault_Handler
 .text.MemManage_Handler
                0x000000000800103c        0x6 Core/Src/stm32f4xx_it.o
                0x000000000800103c                MemManage_Handler
 .text.BusFault_Handler
                0x0000000008001042        0x6 Core/Src/stm32f4xx_it.o
                0x0000000008001042                BusFault_Handler
 .text.UsageFault_Handler
                0x0000000008001048        0x6 Core/Src/stm32f4xx_it.o
                0x0000000008001048                UsageFault_Handler
 .text.SVC_Handler
                0x000000000800104e        0xe Core/Src/stm32f4xx_it.o
                0x000000000800104e                SVC_Handler
 .text.DebugMon_Handler
                0x000000000800105c        0xe Core/Src/stm32f4xx_it.o
                0x000000000800105c                DebugMon_Handler
 .text.PendSV_Handler
                0x000000000800106a        0xe Core/Src/stm32f4xx_it.o
                0x000000000800106a                PendSV_Handler
 .text.SysTick_Handler
                0x0000000008001078       0x10 Core/Src/stm32f4xx_it.o
                0x0000000008001078                SysTick_Handler
 .text.DMA1_Stream0_IRQHandler
                0x0000000008001088       0x5c Core/Src/stm32f4xx_it.o
                0x0000000008001088                DMA1_Stream0_IRQHandler
 .text.DMA1_Stream6_IRQHandler
                0x00000000080010e4       0x1c Core/Src/stm32f4xx_it.o
                0x00000000080010e4                DMA1_Stream6_IRQHandler
 .text.EXTI9_5_IRQHandler
                0x0000000008001100       0x24 Core/Src/stm32f4xx_it.o
                0x0000000008001100                EXTI9_5_IRQHandler
 .text.I2C1_EV_IRQHandler
                0x0000000008001124       0x14 Core/Src/stm32f4xx_it.o
                0x0000000008001124                I2C1_EV_IRQHandler
 .text.SystemInit
                0x0000000008001138       0x2c Core/Src/system_stm32f4xx.o
                0x0000000008001138                SystemInit
 .text.Reset_Handler
                0x0000000008001164       0x50 Core/Startup/startup_stm32f429igtx.o
                0x0000000008001164                Reset_Handler
 .text.Default_Handler
                0x00000000080011b4        0x2 Core/Startup/startup_stm32f429igtx.o
                0x00000000080011b4                RTC_Alarm_IRQHandler
                0x00000000080011b4                HASH_RNG_IRQHandler
                0x00000000080011b4                EXTI2_IRQHandler
                0x00000000080011b4                TIM8_CC_IRQHandler
                0x00000000080011b4                UART8_IRQHandler
                0x00000000080011b4                SPI4_IRQHandler
                0x00000000080011b4                TIM1_CC_IRQHandler
                0x00000000080011b4                DMA2_Stream5_IRQHandler
                0x00000000080011b4                DMA1_Stream5_IRQHandler
                0x00000000080011b4                PVD_IRQHandler
                0x00000000080011b4                SDIO_IRQHandler
                0x00000000080011b4                TAMP_STAMP_IRQHandler
                0x00000000080011b4                CAN2_RX1_IRQHandler
                0x00000000080011b4                EXTI3_IRQHandler
                0x00000000080011b4                TIM8_TRG_COM_TIM14_IRQHandler
                0x00000000080011b4                TIM1_UP_TIM10_IRQHandler
                0x00000000080011b4                TIM8_UP_TIM13_IRQHandler
                0x00000000080011b4                I2C3_ER_IRQHandler
                0x00000000080011b4                EXTI0_IRQHandler
                0x00000000080011b4                I2C2_EV_IRQHandler
                0x00000000080011b4                DMA1_Stream2_IRQHandler
                0x00000000080011b4                CAN1_RX0_IRQHandler
                0x00000000080011b4                FPU_IRQHandler
                0x00000000080011b4                OTG_HS_WKUP_IRQHandler
                0x00000000080011b4                LTDC_ER_IRQHandler
                0x00000000080011b4                CAN2_SCE_IRQHandler
                0x00000000080011b4                DMA2_Stream2_IRQHandler
                0x00000000080011b4                SPI1_IRQHandler
                0x00000000080011b4                TIM6_DAC_IRQHandler
                0x00000000080011b4                TIM1_BRK_TIM9_IRQHandler
                0x00000000080011b4                DCMI_IRQHandler
                0x00000000080011b4                CAN2_RX0_IRQHandler
                0x00000000080011b4                DMA2_Stream3_IRQHandler
                0x00000000080011b4                USART6_IRQHandler
                0x00000000080011b4                USART3_IRQHandler
                0x00000000080011b4                CAN1_RX1_IRQHandler
                0x00000000080011b4                UART5_IRQHandler
                0x00000000080011b4                DMA2_Stream0_IRQHandler
                0x00000000080011b4                TIM4_IRQHandler
                0x00000000080011b4                DMA1_Stream1_IRQHandler
                0x00000000080011b4                UART4_IRQHandler
                0x00000000080011b4                TIM3_IRQHandler
                0x00000000080011b4                RCC_IRQHandler
                0x00000000080011b4                TIM8_BRK_TIM12_IRQHandler
                0x00000000080011b4                Default_Handler
                0x00000000080011b4                EXTI15_10_IRQHandler
                0x00000000080011b4                ADC_IRQHandler
                0x00000000080011b4                DMA1_Stream7_IRQHandler
                0x00000000080011b4                SPI5_IRQHandler
                0x00000000080011b4                TIM7_IRQHandler
                0x00000000080011b4                CAN2_TX_IRQHandler
                0x00000000080011b4                TIM5_IRQHandler
                0x00000000080011b4                DMA2_Stream7_IRQHandler
                0x00000000080011b4                I2C3_EV_IRQHandler
                0x00000000080011b4                RTC_WKUP_IRQHandler
                0x00000000080011b4                LTDC_IRQHandler
                0x00000000080011b4                ETH_WKUP_IRQHandler
                0x00000000080011b4                SPI2_IRQHandler
                0x00000000080011b4                OTG_HS_EP1_IN_IRQHandler
                0x00000000080011b4                CAN1_TX_IRQHandler
                0x00000000080011b4                EXTI4_IRQHandler
                0x00000000080011b4                ETH_IRQHandler
                0x00000000080011b4                OTG_HS_EP1_OUT_IRQHandler
                0x00000000080011b4                WWDG_IRQHandler
                0x00000000080011b4                SPI6_IRQHandler
                0x00000000080011b4                TIM2_IRQHandler
                0x00000000080011b4                OTG_FS_WKUP_IRQHandler
                0x00000000080011b4                TIM1_TRG_COM_TIM11_IRQHandler
                0x00000000080011b4                OTG_HS_IRQHandler
                0x00000000080011b4                DMA2D_IRQHandler
                0x00000000080011b4                EXTI1_IRQHandler
                0x00000000080011b4                UART7_IRQHandler
                0x00000000080011b4                USART2_IRQHandler
                0x00000000080011b4                I2C2_ER_IRQHandler
                0x00000000080011b4                DMA2_Stream1_IRQHandler
                0x00000000080011b4                CAN1_SCE_IRQHandler
                0x00000000080011b4                FLASH_IRQHandler
                0x00000000080011b4                DMA2_Stream4_IRQHandler
                0x00000000080011b4                USART1_IRQHandler
                0x00000000080011b4                OTG_FS_IRQHandler
                0x00000000080011b4                SPI3_IRQHandler
                0x00000000080011b4                DMA1_Stream4_IRQHandler
                0x00000000080011b4                I2C1_ER_IRQHandler
                0x00000000080011b4                FMC_IRQHandler
                0x00000000080011b4                DMA2_Stream6_IRQHandler
                0x00000000080011b4                SAI1_IRQHandler
                0x00000000080011b4                DMA1_Stream3_IRQHandler
 *fill*         0x00000000080011b6        0x2 
 .text.HAL_Init
                0x00000000080011b8       0x44 Drivers/STM32F4xx_HAL_Driver/Src/stm32f4xx_hal.o
                0x00000000080011b8                HAL_Init
 .text.HAL_InitTick
                0x00000000080011fc       0x60 Drivers/STM32F4xx_HAL_Driver/Src/stm32f4xx_hal.o
                0x00000000080011fc                HAL_InitTick
 .text.HAL_IncTick
                0x000000000800125c       0x28 Drivers/STM32F4xx_HAL_Driver/Src/stm32f4xx_hal.o
                0x000000000800125c                HAL_IncTick
 .text.HAL_GetTick
                0x0000000008001284       0x18 Drivers/STM32F4xx_HAL_Driver/Src/stm32f4xx_hal.o
                0x0000000008001284                HAL_GetTick
 .text.HAL_Delay
                0x000000000800129c       0x44 Drivers/STM32F4xx_HAL_Driver/Src/stm32f4xx_hal.o
                0x000000000800129c                HAL_Delay
 .text.__NVIC_SetPriorityGrouping
                0x00000000080012e0       0x48 Drivers/STM32F4xx_HAL_Driver/Src/stm32f4xx_hal_cortex.o
 .text.__NVIC_GetPriorityGrouping
                0x0000000008001328       0x1c Drivers/STM32F4xx_HAL_Driver/Src/stm32f4xx_hal_cortex.o
 .text.__NVIC_EnableIRQ
                0x0000000008001344       0x3c Drivers/STM32F4xx_HAL_Driver/Src/stm32f4xx_hal_cortex.o
 .text.__NVIC_DisableIRQ
                0x0000000008001380       0x44 Drivers/STM32F4xx_HAL_Driver/Src/stm32f4xx_hal_cortex.o
 .text.__NVIC_SetPriority
                0x00000000080013c4       0x54 Drivers/STM32F4xx_HAL_Driver/Src/stm32f4xx_hal_cortex.o
 .text.NVIC_EncodePriority
                0x0000000008001418       0x66 Drivers/STM32F4xx_HAL_Driver/Src/stm32f4xx_hal_cortex.o
 *fill*         0x000000000800147e        0x2 
 .text.SysTick_Config
                0x0000000008001480       0x44 Drivers/STM32F4xx_HAL_Driver/Src/stm32f4xx_hal_cortex.o
 .text.HAL_NVIC_SetPriorityGrouping
                0x00000000080014c4       0x16 Drivers/STM32F4xx_HAL_Driver/Src/stm32f4xx_hal_cortex.o
                0x00000000080014c4                HAL_NVIC_SetPriorityGrouping
 .text.HAL_NVIC_SetPriority
                0x00000000080014da       0x38 Drivers/STM32F4xx_HAL_Driver/Src/stm32f4xx_hal_cortex.o
                0x00000000080014da                HAL_NVIC_SetPriority
 .text.HAL_NVIC_EnableIRQ
                0x0000000008001512       0x1c Drivers/STM32F4xx_HAL_Driver/Src/stm32f4xx_hal_cortex.o
                0x0000000008001512                HAL_NVIC_EnableIRQ
 .text.HAL_NVIC_DisableIRQ
                0x000000000800152e       0x1c Drivers/STM32F4xx_HAL_Driver/Src/stm32f4xx_hal_cortex.o
                0x000000000800152e                HAL_NVIC_DisableIRQ
 .text.HAL_SYSTICK_Config
                0x000000000800154a       0x18 Drivers/STM32F4xx_HAL_Driver/Src/stm32f4xx_hal_cortex.o
                0x000000000800154a                HAL_SYSTICK_Config
 .text.HAL_CRC_Init
                0x0000000008001562       0x38 Drivers/STM32F4xx_HAL_Driver/Src/stm32f4xx_hal_crc.o
                0x0000000008001562                HAL_CRC_Init
 *fill*         0x000000000800159a        0x2 
 .text.HAL_DMA_Init
                0x000000000800159c      0x15c Drivers/STM32F4xx_HAL_Driver/Src/stm32f4xx_hal_dma.o
                0x000000000800159c                HAL_DMA_Init
 .text.HAL_DMA_DeInit
                0x00000000080016f8       0xbc Drivers/STM32F4xx_HAL_Driver/Src/stm32f4xx_hal_dma.o
                0x00000000080016f8                HAL_DMA_DeInit
 .text.HAL_DMA_Start_IT
                0x00000000080017b4       0xb0 Drivers/STM32F4xx_HAL_Driver/Src/stm32f4xx_hal_dma.o
                0x00000000080017b4                HAL_DMA_Start_IT
 .text.HAL_DMA_Abort_IT
                0x0000000008001864       0x44 Drivers/STM32F4xx_HAL_Driver/Src/stm32f4xx_hal_dma.o
                0x0000000008001864                HAL_DMA_Abort_IT
 .text.HAL_DMA_IRQHandler
                0x00000000080018a8      0x314 Drivers/STM32F4xx_HAL_Driver/Src/stm32f4xx_hal_dma.o
                0x00000000080018a8                HAL_DMA_IRQHandler
 .text.HAL_DMA_GetState
                0x0000000008001bbc       0x1c Drivers/STM32F4xx_HAL_Driver/Src/stm32f4xx_hal_dma.o
                0x0000000008001bbc                HAL_DMA_GetState
 .text.HAL_DMA_GetError
                0x0000000008001bd8       0x18 Drivers/STM32F4xx_HAL_Driver/Src/stm32f4xx_hal_dma.o
                0x0000000008001bd8                HAL_DMA_GetError
 .text.DMA_SetConfig
                0x0000000008001bf0       0x5c Drivers/STM32F4xx_HAL_Driver/Src/stm32f4xx_hal_dma.o
 .text.DMA_CalcBaseAndBitshift
                0x0000000008001c4c       0x6c Drivers/STM32F4xx_HAL_Driver/Src/stm32f4xx_hal_dma.o
 .text.DMA_CheckFifoParam
                0x0000000008001cb8       0xf4 Drivers/STM32F4xx_HAL_Driver/Src/stm32f4xx_hal_dma.o
 .text.HAL_DMA2D_Init
                0x0000000008001dac       0x92 Drivers/STM32F4xx_HAL_Driver/Src/stm32f4xx_hal_dma2d.o
                0x0000000008001dac                HAL_DMA2D_Init
 *fill*         0x0000000008001e3e        0x2 
 .text.HAL_DMA2D_ConfigLayer
                0x0000000008001e40      0x124 Drivers/STM32F4xx_HAL_Driver/Src/stm32f4xx_hal_dma2d.o
                0x0000000008001e40                HAL_DMA2D_ConfigLayer
 .text.HAL_GPIO_Init
                0x0000000008001f64      0x354 Drivers/STM32F4xx_HAL_Driver/Src/stm32f4xx_hal_gpio.o
                0x0000000008001f64                HAL_GPIO_Init
 .text.HAL_GPIO_DeInit
                0x00000000080022b8      0x214 Drivers/STM32F4xx_HAL_Driver/Src/stm32f4xx_hal_gpio.o
                0x00000000080022b8                HAL_GPIO_DeInit
 .text.HAL_GPIO_ReadPin
                0x00000000080024cc       0x30 Drivers/STM32F4xx_HAL_Driver/Src/stm32f4xx_hal_gpio.o
                0x00000000080024cc                HAL_GPIO_ReadPin
 .text.HAL_GPIO_WritePin
                0x00000000080024fc       0x32 Drivers/STM32F4xx_HAL_Driver/Src/stm32f4xx_hal_gpio.o
                0x00000000080024fc                HAL_GPIO_WritePin
 *fill*         0x000000000800252e        0x2 
 .text.HAL_GPIO_EXTI_IRQHandler
                0x0000000008002530       0x30 Drivers/STM32F4xx_HAL_Driver/Src/stm32f4xx_hal_gpio.o
                0x0000000008002530                HAL_GPIO_EXTI_IRQHandler
 .text.HAL_GPIO_EXTI_Callback
                0x0000000008002560       0x16 Drivers/STM32F4xx_HAL_Driver/Src/stm32f4xx_hal_gpio.o
                0x0000000008002560                HAL_GPIO_EXTI_Callback
 *fill*         0x0000000008002576        0x2 
 .text.HAL_I2C_Init
                0x0000000008002578      0x270 Drivers/STM32F4xx_HAL_Driver/Src/stm32f4xx_hal_i2c.o
                0x0000000008002578                HAL_I2C_Init
 .text.HAL_I2C_DeInit
                0x00000000080027e8       0x5e Drivers/STM32F4xx_HAL_Driver/Src/stm32f4xx_hal_i2c.o
                0x00000000080027e8                HAL_I2C_DeInit
 *fill*         0x0000000008002846        0x2 
 .text.HAL_I2C_Mem_Write_DMA
                0x0000000008002848      0x238 Drivers/STM32F4xx_HAL_Driver/Src/stm32f4xx_hal_i2c.o
                0x0000000008002848                HAL_I2C_Mem_Write_DMA
 .text.HAL_I2C_Mem_Read_DMA
                0x0000000008002a80      0x298 Drivers/STM32F4xx_HAL_Driver/Src/stm32f4xx_hal_i2c.o
                0x0000000008002a80                HAL_I2C_Mem_Read_DMA
 .text.HAL_I2C_EV_IRQHandler
                0x0000000008002d18      0x2cc Drivers/STM32F4xx_HAL_Driver/Src/stm32f4xx_hal_i2c.o
                0x0000000008002d18                HAL_I2C_EV_IRQHandler
 .text.HAL_I2C_MasterTxCpltCallback
                0x0000000008002fe4       0x14 Drivers/STM32F4xx_HAL_Driver/Src/stm32f4xx_hal_i2c.o
                0x0000000008002fe4                HAL_I2C_MasterTxCpltCallback
 .text.HAL_I2C_MasterRxCpltCallback
                0x0000000008002ff8       0x14 Drivers/STM32F4xx_HAL_Driver/Src/stm32f4xx_hal_i2c.o
                0x0000000008002ff8                HAL_I2C_MasterRxCpltCallback
 .text.HAL_I2C_SlaveTxCpltCallback
                0x000000000800300c       0x14 Drivers/STM32F4xx_HAL_Driver/Src/stm32f4xx_hal_i2c.o
                0x000000000800300c                HAL_I2C_SlaveTxCpltCallback
 .text.HAL_I2C_SlaveRxCpltCallback
                0x0000000008003020       0x14 Drivers/STM32F4xx_HAL_Driver/Src/stm32f4xx_hal_i2c.o
                0x0000000008003020                HAL_I2C_SlaveRxCpltCallback
 .text.HAL_I2C_AddrCallback
                0x0000000008003034       0x1c Drivers/STM32F4xx_HAL_Driver/Src/stm32f4xx_hal_i2c.o
                0x0000000008003034                HAL_I2C_AddrCallback
 .text.HAL_I2C_ListenCpltCallback
                0x0000000008003050       0x14 Drivers/STM32F4xx_HAL_Driver/Src/stm32f4xx_hal_i2c.o
                0x0000000008003050                HAL_I2C_ListenCpltCallback
 .text.HAL_I2C_MemTxCpltCallback
                0x0000000008003064       0x14 Drivers/STM32F4xx_HAL_Driver/Src/stm32f4xx_hal_i2c.o
                0x0000000008003064                HAL_I2C_MemTxCpltCallback
 .text.HAL_I2C_MemRxCpltCallback
                0x0000000008003078       0x14 Drivers/STM32F4xx_HAL_Driver/Src/stm32f4xx_hal_i2c.o
                0x0000000008003078                HAL_I2C_MemRxCpltCallback
 .text.HAL_I2C_ErrorCallback
                0x000000000800308c       0x14 Drivers/STM32F4xx_HAL_Driver/Src/stm32f4xx_hal_i2c.o
                0x000000000800308c                HAL_I2C_ErrorCallback
 .text.HAL_I2C_AbortCpltCallback
                0x00000000080030a0       0x14 Drivers/STM32F4xx_HAL_Driver/Src/stm32f4xx_hal_i2c.o
                0x00000000080030a0                HAL_I2C_AbortCpltCallback
 .text.I2C_MasterTransmit_TXE
                0x00000000080030b4      0x138 Drivers/STM32F4xx_HAL_Driver/Src/stm32f4xx_hal_i2c.o
 .text.I2C_MasterTransmit_BTF
                0x00000000080031ec      0x100 Drivers/STM32F4xx_HAL_Driver/Src/stm32f4xx_hal_i2c.o
 .text.I2C_MemoryTransmit_TXE_BTF
                0x00000000080032ec       0xce Drivers/STM32F4xx_HAL_Driver/Src/stm32f4xx_hal_i2c.o
 .text.I2C_MasterReceive_RXNE
                0x00000000080033ba      0x104 Drivers/STM32F4xx_HAL_Driver/Src/stm32f4xx_hal_i2c.o
 .text.I2C_MasterReceive_BTF
                0x00000000080034be      0x1d4 Drivers/STM32F4xx_HAL_Driver/Src/stm32f4xx_hal_i2c.o
 .text.I2C_Master_SB
                0x0000000008003692      0x10c Drivers/STM32F4xx_HAL_Driver/Src/stm32f4xx_hal_i2c.o
 .text.I2C_Master_ADD10
                0x000000000800379e       0x54 Drivers/STM32F4xx_HAL_Driver/Src/stm32f4xx_hal_i2c.o
 .text.I2C_Master_ADDR
                0x00000000080037f2      0x322 Drivers/STM32F4xx_HAL_Driver/Src/stm32f4xx_hal_i2c.o
 .text.I2C_SlaveTransmit_TXE
                0x0000000008003b14       0x7a Drivers/STM32F4xx_HAL_Driver/Src/stm32f4xx_hal_i2c.o
 .text.I2C_SlaveTransmit_BTF
                0x0000000008003b8e       0x42 Drivers/STM32F4xx_HAL_Driver/Src/stm32f4xx_hal_i2c.o
 .text.I2C_SlaveReceive_RXNE
                0x0000000008003bd0       0x7c Drivers/STM32F4xx_HAL_Driver/Src/stm32f4xx_hal_i2c.o
 .text.I2C_SlaveReceive_BTF
                0x0000000008003c4c       0x44 Drivers/STM32F4xx_HAL_Driver/Src/stm32f4xx_hal_i2c.o
 .text.I2C_Slave_ADDR
                0x0000000008003c90       0x88 Drivers/STM32F4xx_HAL_Driver/Src/stm32f4xx_hal_i2c.o
 .text.I2C_Slave_STOPF
                0x0000000008003d18      0x260 Drivers/STM32F4xx_HAL_Driver/Src/stm32f4xx_hal_i2c.o
 .text.I2C_ITError
                0x0000000008003f78      0x25c Drivers/STM32F4xx_HAL_Driver/Src/stm32f4xx_hal_i2c.o
 .text.I2C_RequestMemoryWrite
                0x00000000080041d4      0x128 Drivers/STM32F4xx_HAL_Driver/Src/stm32f4xx_hal_i2c.o
 .text.I2C_RequestMemoryRead
                0x00000000080042fc      0x1cc Drivers/STM32F4xx_HAL_Driver/Src/stm32f4xx_hal_i2c.o
 .text.I2C_DMAXferCplt
                0x00000000080044c8      0x1aa Drivers/STM32F4xx_HAL_Driver/Src/stm32f4xx_hal_i2c.o
 .text.I2C_DMAError
                0x0000000008004672       0x7a Drivers/STM32F4xx_HAL_Driver/Src/stm32f4xx_hal_i2c.o
 .text.I2C_DMAAbort
                0x00000000080046ec       0xfe Drivers/STM32F4xx_HAL_Driver/Src/stm32f4xx_hal_i2c.o
 .text.I2C_WaitOnFlagUntilTimeout
                0x00000000080047ea       0xae Drivers/STM32F4xx_HAL_Driver/Src/stm32f4xx_hal_i2c.o
 .text.I2C_WaitOnMasterAddressFlagUntilTimeout
                0x0000000008004898       0xfe Drivers/STM32F4xx_HAL_Driver/Src/stm32f4xx_hal_i2c.o
 .text.I2C_WaitOnTXEFlagUntilTimeout
                0x0000000008004996       0x82 Drivers/STM32F4xx_HAL_Driver/Src/stm32f4xx_hal_i2c.o
 .text.I2C_IsAcknowledgeFailed
                0x0000000008004a18       0x5e Drivers/STM32F4xx_HAL_Driver/Src/stm32f4xx_hal_i2c.o
 .text.I2C_ConvertOtherXferOptions
                0x0000000008004a76       0x36 Drivers/STM32F4xx_HAL_Driver/Src/stm32f4xx_hal_i2c.o
 .text.HAL_I2CEx_ConfigAnalogFilter
                0x0000000008004aac       0x78 Drivers/STM32F4xx_HAL_Driver/Src/stm32f4xx_hal_i2c_ex.o
                0x0000000008004aac                HAL_I2CEx_ConfigAnalogFilter
 .text.HAL_I2CEx_ConfigDigitalFilter
                0x0000000008004b24       0x7e Drivers/STM32F4xx_HAL_Driver/Src/stm32f4xx_hal_i2c_ex.o
                0x0000000008004b24                HAL_I2CEx_ConfigDigitalFilter
 *fill*         0x0000000008004ba2        0x2 
 .text.HAL_PWREx_EnableOverDrive
                0x0000000008004ba4       0xa0 Drivers/STM32F4xx_HAL_Driver/Src/stm32f4xx_hal_pwr_ex.o
                0x0000000008004ba4                HAL_PWREx_EnableOverDrive
 .text.HAL_RCC_OscConfig
                0x0000000008004c44      0x4e0 Drivers/STM32F4xx_HAL_Driver/Src/stm32f4xx_hal_rcc.o
                0x0000000008004c44                HAL_RCC_OscConfig
 .text.HAL_RCC_ClockConfig
                0x0000000008005124      0x1cc Drivers/STM32F4xx_HAL_Driver/Src/stm32f4xx_hal_rcc.o
                0x0000000008005124                HAL_RCC_ClockConfig
 .text.HAL_RCC_GetSysClockFreq
                0x00000000080052f0      0x1b0 Drivers/STM32F4xx_HAL_Driver/Src/stm32f4xx_hal_rcc.o
                0x00000000080052f0                HAL_RCC_GetSysClockFreq
 .text.HAL_RCC_GetHCLKFreq
                0x00000000080054a0       0x18 Drivers/STM32F4xx_HAL_Driver/Src/stm32f4xx_hal_rcc.o
                0x00000000080054a0                HAL_RCC_GetHCLKFreq
 .text.HAL_RCC_GetPCLK1Freq
                0x00000000080054b8       0x28 Drivers/STM32F4xx_HAL_Driver/Src/stm32f4xx_hal_rcc.o
                0x00000000080054b8                HAL_RCC_GetPCLK1Freq
 .text.__libc_init_array
                0x00000000080054e0       0x48 c:/st/stm32cubeide_1.1.0/stm32cubeide/plugins/com.st.stm32cube.ide.mcu.externaltools.gnu-tools-for-stm32.7-2018-q2-update.win32_1.0.0.201904181610/tools/bin/../lib/gcc/arm-none-eabi/7.3.1/../../../../arm-none-eabi/lib/thumb/v7e-m/fpv4-sp/hard\libc_nano.a(lib_a-init.o)
                0x00000000080054e0                __libc_init_array
 .text.memset   0x0000000008005528       0x10 c:/st/stm32cubeide_1.1.0/stm32cubeide/plugins/com.st.stm32cube.ide.mcu.externaltools.gnu-tools-for-stm32.7-2018-q2-update.win32_1.0.0.201904181610/tools/bin/../lib/gcc/arm-none-eabi/7.3.1/../../../../arm-none-eabi/lib/thumb/v7e-m/fpv4-sp/hard\libc_nano.a(lib_a-memset.o)
                0x0000000008005528                memset
 *(.glue_7)
 .glue_7        0x0000000008005538        0x0 linker stubs
 *(.glue_7t)
 .glue_7t       0x0000000008005538        0x0 linker stubs
 *(.eh_frame)
 .eh_frame      0x0000000008005538        0x0 c:/st/stm32cubeide_1.1.0/stm32cubeide/plugins/com.st.stm32cube.ide.mcu.externaltools.gnu-tools-for-stm32.7-2018-q2-update.win32_1.0.0.201904181610/tools/bin/../lib/gcc/arm-none-eabi/7.3.1/thumb/v7e-m/fpv4-sp/hard/crtbegin.o
 *(.init)
 .init          0x0000000008005538        0x4 c:/st/stm32cubeide_1.1.0/stm32cubeide/plugins/com.st.stm32cube.ide.mcu.externaltools.gnu-tools-for-stm32.7-2018-q2-update.win32_1.0.0.201904181610/tools/bin/../lib/gcc/arm-none-eabi/7.3.1/thumb/v7e-m/fpv4-sp/hard/crti.o
                0x0000000008005538                _init
 .init          0x000000000800553c        0x8 c:/st/stm32cubeide_1.1.0/stm32cubeide/plugins/com.st.stm32cube.ide.mcu.externaltools.gnu-tools-for-stm32.7-2018-q2-update.win32_1.0.0.201904181610/tools/bin/../lib/gcc/arm-none-eabi/7.3.1/thumb/v7e-m/fpv4-sp/hard/crtn.o
 *(.fini)
 .fini          0x0000000008005544        0x4 c:/st/stm32cubeide_1.1.0/stm32cubeide/plugins/com.st.stm32cube.ide.mcu.externaltools.gnu-tools-for-stm32.7-2018-q2-update.win32_1.0.0.201904181610/tools/bin/../lib/gcc/arm-none-eabi/7.3.1/thumb/v7e-m/fpv4-sp/hard/crti.o
                0x0000000008005544                _fini
 .fini          0x0000000008005548        0x8 c:/st/stm32cubeide_1.1.0/stm32cubeide/plugins/com.st.stm32cube.ide.mcu.externaltools.gnu-tools-for-stm32.7-2018-q2-update.win32_1.0.0.201904181610/tools/bin/../lib/gcc/arm-none-eabi/7.3.1/thumb/v7e-m/fpv4-sp/hard/crtn.o
                0x0000000008005550                . = ALIGN (0x4)
                0x0000000008005550                _etext = .

.vfp11_veneer   0x0000000008005550        0x0
 .vfp11_veneer  0x0000000008005550        0x0 linker stubs

.v4_bx          0x0000000008005550        0x0
 .v4_bx         0x0000000008005550        0x0 linker stubs

.iplt           0x0000000008005550        0x0
 .iplt          0x0000000008005550        0x0 c:/st/stm32cubeide_1.1.0/stm32cubeide/plugins/com.st.stm32cube.ide.mcu.externaltools.gnu-tools-for-stm32.7-2018-q2-update.win32_1.0.0.201904181610/tools/bin/../lib/gcc/arm-none-eabi/7.3.1/thumb/v7e-m/fpv4-sp/hard/crtbegin.o

.rodata         0x0000000008005550       0x20
                0x0000000008005550                . = ALIGN (0x4)
 *(.rodata)
 *(.rodata*)
 .rodata.AHBPrescTable
                0x0000000008005550       0x10 Core/Src/system_stm32f4xx.o
                0x0000000008005550                AHBPrescTable
 .rodata.APBPrescTable
                0x0000000008005560        0x8 Core/Src/system_stm32f4xx.o
                0x0000000008005560                APBPrescTable
 .rodata.flagBitshiftOffset.8050
                0x0000000008005568        0x8 Drivers/STM32F4xx_HAL_Driver/Src/stm32f4xx_hal_dma.o
                0x0000000008005570                . = ALIGN (0x4)

.ARM.extab      0x0000000008005570        0x0
                0x0000000008005570                . = ALIGN (0x4)
 *(.ARM.extab* .gnu.linkonce.armextab.*)
                0x0000000008005570                . = ALIGN (0x4)

.ARM            0x0000000008005570        0x8
                0x0000000008005570                . = ALIGN (0x4)
                0x0000000008005570                __exidx_start = .
 *(.ARM.exidx*)
 .ARM.exidx     0x0000000008005570        0x8 c:/st/stm32cubeide_1.1.0/stm32cubeide/plugins/com.st.stm32cube.ide.mcu.externaltools.gnu-tools-for-stm32.7-2018-q2-update.win32_1.0.0.201904181610/tools/bin/../lib/gcc/arm-none-eabi/7.3.1/thumb/v7e-m/fpv4-sp/hard\libgcc.a(_udivmoddi4.o)
                0x0000000008005578                __exidx_end = .
                0x0000000008005578                . = ALIGN (0x4)

.rel.dyn        0x0000000008005578        0x0
 .rel.iplt      0x0000000008005578        0x0 c:/st/stm32cubeide_1.1.0/stm32cubeide/plugins/com.st.stm32cube.ide.mcu.externaltools.gnu-tools-for-stm32.7-2018-q2-update.win32_1.0.0.201904181610/tools/bin/../lib/gcc/arm-none-eabi/7.3.1/thumb/v7e-m/fpv4-sp/hard/crtbegin.o

.preinit_array  0x0000000008005578        0x0
                0x0000000008005578                . = ALIGN (0x4)
                0x0000000008005578                PROVIDE (__preinit_array_start = .)
 *(.preinit_array*)
                0x0000000008005578                PROVIDE (__preinit_array_end = .)
                0x0000000008005578                . = ALIGN (0x4)

.init_array     0x0000000008005578        0x4
                0x0000000008005578                . = ALIGN (0x4)
                0x0000000008005578                PROVIDE (__init_array_start = .)
 *(SORT_BY_NAME(.init_array.*))
 *(.init_array*)
 .init_array    0x0000000008005578        0x4 c:/st/stm32cubeide_1.1.0/stm32cubeide/plugins/com.st.stm32cube.ide.mcu.externaltools.gnu-tools-for-stm32.7-2018-q2-update.win32_1.0.0.201904181610/tools/bin/../lib/gcc/arm-none-eabi/7.3.1/thumb/v7e-m/fpv4-sp/hard/crtbegin.o
                0x000000000800557c                PROVIDE (__init_array_end = .)
                0x000000000800557c                . = ALIGN (0x4)

.fini_array     0x000000000800557c        0x4
                0x000000000800557c                . = ALIGN (0x4)
                [!provide]                        PROVIDE (__fini_array_start = .)
 *(SORT_BY_NAME(.fini_array.*))
 *(.fini_array*)
 .fini_array    0x000000000800557c        0x4 c:/st/stm32cubeide_1.1.0/stm32cubeide/plugins/com.st.stm32cube.ide.mcu.externaltools.gnu-tools-for-stm32.7-2018-q2-update.win32_1.0.0.201904181610/tools/bin/../lib/gcc/arm-none-eabi/7.3.1/thumb/v7e-m/fpv4-sp/hard/crtbegin.o
                [!provide]                        PROVIDE (__fini_array_end = .)
                0x0000000008005580                . = ALIGN (0x4)
                0x0000000008005580                _sidata = LOADADDR (.data)

.data           0x0000000020000000        0xc load address 0x0000000008005580
                0x0000000020000000                . = ALIGN (0x4)
                0x0000000020000000                _sdata = .
 *(.data)
 *(.data*)
 .data.SystemCoreClock
                0x0000000020000000        0x4 Core/Src/system_stm32f4xx.o
                0x0000000020000000                SystemCoreClock
 .data.uwTickPrio
                0x0000000020000004        0x4 Drivers/STM32F4xx_HAL_Driver/Src/stm32f4xx_hal.o
                0x0000000020000004                uwTickPrio
 .data.uwTickFreq
                0x0000000020000008        0x1 Drivers/STM32F4xx_HAL_Driver/Src/stm32f4xx_hal.o
                0x0000000020000008                uwTickFreq
                0x000000002000000c                . = ALIGN (0x4)
 *fill*         0x0000000020000009        0x3 
                0x000000002000000c                _edata = .

.igot.plt       0x000000002000000c        0x0 load address 0x000000000800558c
 .igot.plt      0x000000002000000c        0x0 c:/st/stm32cubeide_1.1.0/stm32cubeide/plugins/com.st.stm32cube.ide.mcu.externaltools.gnu-tools-for-stm32.7-2018-q2-update.win32_1.0.0.201904181610/tools/bin/../lib/gcc/arm-none-eabi/7.3.1/thumb/v7e-m/fpv4-sp/hard/crtbegin.o
                0x000000002000000c                . = ALIGN (0x4)

.bss            0x000000002000000c      0x228 load address 0x000000000800558c
                0x000000002000000c                _sbss = .
                0x000000002000000c                __bss_start__ = _sbss
 *(.bss)
 .bss           0x000000002000000c       0x1c c:/st/stm32cubeide_1.1.0/stm32cubeide/plugins/com.st.stm32cube.ide.mcu.externaltools.gnu-tools-for-stm32.7-2018-q2-update.win32_1.0.0.201904181610/tools/bin/../lib/gcc/arm-none-eabi/7.3.1/thumb/v7e-m/fpv4-sp/hard/crtbegin.o
 *(.bss*)
 .bss.GTDMAReadOK_F
                0x0000000020000028        0x1 Core/Src/GT911.o
                0x0000000020000028                GTDMAReadOK_F
 .bss.GTDMASendOK_F
                0x0000000020000029        0x1 Core/Src/GT911.o
                0x0000000020000029                GTDMASendOK_F
 .bss.IICError  0x000000002000002a        0x2 Core/Src/GT911.o
                0x000000002000002a                IICError
 *(COMMON)
 COMMON         0x000000002000002c       0xa8 Core/Src/GT911.o
                0x000000002000002c                DMAbuf
                0x0000000020000058                Dev_Now
                0x0000000020000080                GT911buf
                0x00000000200000ac                Dev_Backup
 COMMON         0x00000000200000d4      0x15c Core/Src/main.o
                0x00000000200000d4                hdma_i2c1_tx
                0x0000000020000134                hi2c1
                0x0000000020000188                hcrc
                0x0000000020000190                hdma_i2c1_rx
                0x00000000200001f0                hdma2d
 COMMON         0x0000000020000230        0x4 Drivers/STM32F4xx_HAL_Driver/Src/stm32f4xx_hal.o
                0x0000000020000230                uwTick
                0x0000000020000234                . = ALIGN (0x4)
                0x0000000020000234                _ebss = .
                0x0000000020000234                __bss_end__ = _ebss

._user_heap_stack
                0x0000000020000234      0x604 load address 0x000000000800558c
                0x0000000020000238                . = ALIGN (0x8)
 *fill*         0x0000000020000234        0x4 
                0x0000000020000238                PROVIDE (end = .)
                [!provide]                        PROVIDE (_end = .)
                0x0000000020000438                . = (. + _Min_Heap_Size)
 *fill*         0x0000000020000238      0x200 
                0x0000000020000838                . = (. + _Min_Stack_Size)
 *fill*         0x0000000020000438      0x400 
                0x0000000020000838                . = ALIGN (0x8)

/DISCARD/
 libc.a(*)
 libm.a(*)
 libgcc.a(*)

.ARM.attributes
                0x0000000000000000       0x30
 *(.ARM.attributes)
 .ARM.attributes
                0x0000000000000000       0x22 c:/st/stm32cubeide_1.1.0/stm32cubeide/plugins/com.st.stm32cube.ide.mcu.externaltools.gnu-tools-for-stm32.7-2018-q2-update.win32_1.0.0.201904181610/tools/bin/../lib/gcc/arm-none-eabi/7.3.1/thumb/v7e-m/fpv4-sp/hard/crti.o
 .ARM.attributes
                0x0000000000000022       0x34 c:/st/stm32cubeide_1.1.0/stm32cubeide/plugins/com.st.stm32cube.ide.mcu.externaltools.gnu-tools-for-stm32.7-2018-q2-update.win32_1.0.0.201904181610/tools/bin/../lib/gcc/arm-none-eabi/7.3.1/thumb/v7e-m/fpv4-sp/hard/crtbegin.o
 .ARM.attributes
                0x0000000000000056       0x39 Core/Src/GT911.o
 .ARM.attributes
                0x000000000000008f       0x39 Core/Src/main.o
 .ARM.attributes
                0x00000000000000c8       0x39 Core/Src/stm32f4xx_hal_msp.o
 .ARM.attributes
                0x0000000000000101       0x39 Core/Src/stm32f4xx_it.o
 .ARM.attributes
                0x000000000000013a       0x39 Core/Src/system_stm32f4xx.o
 .ARM.attributes
                0x0000000000000173       0x21 Core/Startup/startup_stm32f429igtx.o
 .ARM.attributes
                0x0000000000000194       0x39 Drivers/STM32F4xx_HAL_Driver/Src/stm32f4xx_hal.o
 .ARM.attributes
                0x00000000000001cd       0x39 Drivers/STM32F4xx_HAL_Driver/Src/stm32f4xx_hal_cortex.o
 .ARM.attributes
                0x0000000000000206       0x39 Drivers/STM32F4xx_HAL_Driver/Src/stm32f4xx_hal_crc.o
 .ARM.attributes
                0x000000000000023f       0x39 Drivers/STM32F4xx_HAL_Driver/Src/stm32f4xx_hal_dma.o
 .ARM.attributes
                0x0000000000000278       0x39 Drivers/STM32F4xx_HAL_Driver/Src/stm32f4xx_hal_dma2d.o
 .ARM.attributes
                0x00000000000002b1       0x39 Drivers/STM32F4xx_HAL_Driver/Src/stm32f4xx_hal_gpio.o
 .ARM.attributes
                0x00000000000002ea       0x39 Drivers/STM32F4xx_HAL_Driver/Src/stm32f4xx_hal_i2c.o
 .ARM.attributes
                0x0000000000000323       0x39 Drivers/STM32F4xx_HAL_Driver/Src/stm32f4xx_hal_i2c_ex.o
 .ARM.attributes
                0x000000000000035c       0x39 Drivers/STM32F4xx_HAL_Driver/Src/stm32f4xx_hal_pwr_ex.o
 .ARM.attributes
                0x0000000000000395       0x39 Drivers/STM32F4xx_HAL_Driver/Src/stm32f4xx_hal_rcc.o
 .ARM.attributes
                0x00000000000003ce       0x34 c:/st/stm32cubeide_1.1.0/stm32cubeide/plugins/com.st.stm32cube.ide.mcu.externaltools.gnu-tools-for-stm32.7-2018-q2-update.win32_1.0.0.201904181610/tools/bin/../lib/gcc/arm-none-eabi/7.3.1/../../../../arm-none-eabi/lib/thumb/v7e-m/fpv4-sp/hard\libc_nano.a(lib_a-init.o)
 .ARM.attributes
                0x0000000000000402       0x34 c:/st/stm32cubeide_1.1.0/stm32cubeide/plugins/com.st.stm32cube.ide.mcu.externaltools.gnu-tools-for-stm32.7-2018-q2-update.win32_1.0.0.201904181610/tools/bin/../lib/gcc/arm-none-eabi/7.3.1/../../../../arm-none-eabi/lib/thumb/v7e-m/fpv4-sp/hard\libc_nano.a(lib_a-memset.o)
 .ARM.attributes
                0x0000000000000436       0x22 c:/st/stm32cubeide_1.1.0/stm32cubeide/plugins/com.st.stm32cube.ide.mcu.externaltools.gnu-tools-for-stm32.7-2018-q2-update.win32_1.0.0.201904181610/tools/bin/../lib/gcc/arm-none-eabi/7.3.1/thumb/v7e-m/fpv4-sp/hard\libgcc.a(_aeabi_uldivmod.o)
 .ARM.attributes
                0x0000000000000458       0x34 c:/st/stm32cubeide_1.1.0/stm32cubeide/plugins/com.st.stm32cube.ide.mcu.externaltools.gnu-tools-for-stm32.7-2018-q2-update.win32_1.0.0.201904181610/tools/bin/../lib/gcc/arm-none-eabi/7.3.1/thumb/v7e-m/fpv4-sp/hard\libgcc.a(_udivmoddi4.o)
 .ARM.attributes
                0x000000000000048c       0x22 c:/st/stm32cubeide_1.1.0/stm32cubeide/plugins/com.st.stm32cube.ide.mcu.externaltools.gnu-tools-for-stm32.7-2018-q2-update.win32_1.0.0.201904181610/tools/bin/../lib/gcc/arm-none-eabi/7.3.1/thumb/v7e-m/fpv4-sp/hard\libgcc.a(_dvmd_tls.o)
 .ARM.attributes
                0x00000000000004ae       0x22 c:/st/stm32cubeide_1.1.0/stm32cubeide/plugins/com.st.stm32cube.ide.mcu.externaltools.gnu-tools-for-stm32.7-2018-q2-update.win32_1.0.0.201904181610/tools/bin/../lib/gcc/arm-none-eabi/7.3.1/thumb/v7e-m/fpv4-sp/hard/crtn.o
OUTPUT(GT911_DMA.elf elf32-littlearm)

.debug_info     0x0000000000000000     0xba97
 .debug_info    0x0000000000000000      0x91f Core/Src/GT911.o
 .debug_info    0x000000000000091f     0x1248 Core/Src/main.o
 .debug_info    0x0000000000001b67     0x10fc Core/Src/stm32f4xx_hal_msp.o
 .debug_info    0x0000000000002c63     0x105f Core/Src/stm32f4xx_it.o
 .debug_info    0x0000000000003cc2      0x56e Core/Src/system_stm32f4xx.o
 .debug_info    0x0000000000004230       0x22 Core/Startup/startup_stm32f429igtx.o
 .debug_info    0x0000000000004252      0x9b9 Drivers/STM32F4xx_HAL_Driver/Src/stm32f4xx_hal.o
 .debug_info    0x0000000000004c0b      0xe5e Drivers/STM32F4xx_HAL_Driver/Src/stm32f4xx_hal_cortex.o
 .debug_info    0x0000000000005a69      0x441 Drivers/STM32F4xx_HAL_Driver/Src/stm32f4xx_hal_crc.o
 .debug_info    0x0000000000005eaa      0x968 Drivers/STM32F4xx_HAL_Driver/Src/stm32f4xx_hal_dma.o
 .debug_info    0x0000000000006812      0xf72 Drivers/STM32F4xx_HAL_Driver/Src/stm32f4xx_hal_dma2d.o
 .debug_info    0x0000000000007784      0x7cf Drivers/STM32F4xx_HAL_Driver/Src/stm32f4xx_hal_gpio.o
 .debug_info    0x0000000000007f53     0x23c2 Drivers/STM32F4xx_HAL_Driver/Src/stm32f4xx_hal_i2c.o
 .debug_info    0x000000000000a315      0x71d Drivers/STM32F4xx_HAL_Driver/Src/stm32f4xx_hal_i2c_ex.o
 .debug_info    0x000000000000aa32      0x747 Drivers/STM32F4xx_HAL_Driver/Src/stm32f4xx_hal_pwr_ex.o
 .debug_info    0x000000000000b179      0x91e Drivers/STM32F4xx_HAL_Driver/Src/stm32f4xx_hal_rcc.o

.debug_abbrev   0x0000000000000000     0x1cbc
 .debug_abbrev  0x0000000000000000      0x19f Core/Src/GT911.o
 .debug_abbrev  0x000000000000019f      0x20a Core/Src/main.o
 .debug_abbrev  0x00000000000003a9      0x1cb Core/Src/stm32f4xx_hal_msp.o
 .debug_abbrev  0x0000000000000574      0x1d2 Core/Src/stm32f4xx_it.o
 .debug_abbrev  0x0000000000000746      0x12b Core/Src/system_stm32f4xx.o
 .debug_abbrev  0x0000000000000871       0x12 Core/Startup/startup_stm32f429igtx.o
 .debug_abbrev  0x0000000000000883      0x1c7 Drivers/STM32F4xx_HAL_Driver/Src/stm32f4xx_hal.o
 .debug_abbrev  0x0000000000000a4a      0x2fa Drivers/STM32F4xx_HAL_Driver/Src/stm32f4xx_hal_cortex.o
 .debug_abbrev  0x0000000000000d44      0x1b7 Drivers/STM32F4xx_HAL_Driver/Src/stm32f4xx_hal_crc.o
 .debug_abbrev  0x0000000000000efb      0x229 Drivers/STM32F4xx_HAL_Driver/Src/stm32f4xx_hal_dma.o
 .debug_abbrev  0x0000000000001124      0x211 Drivers/STM32F4xx_HAL_Driver/Src/stm32f4xx_hal_dma2d.o
 .debug_abbrev  0x0000000000001335      0x1c9 Drivers/STM32F4xx_HAL_Driver/Src/stm32f4xx_hal_gpio.o
 .debug_abbrev  0x00000000000014fe      0x254 Drivers/STM32F4xx_HAL_Driver/Src/stm32f4xx_hal_i2c.o
 .debug_abbrev  0x0000000000001752      0x16d Drivers/STM32F4xx_HAL_Driver/Src/stm32f4xx_hal_i2c_ex.o
 .debug_abbrev  0x00000000000018bf      0x1b8 Drivers/STM32F4xx_HAL_Driver/Src/stm32f4xx_hal_pwr_ex.o
 .debug_abbrev  0x0000000000001a77      0x245 Drivers/STM32F4xx_HAL_Driver/Src/stm32f4xx_hal_rcc.o

.debug_aranges  0x0000000000000000      0x9c0
 .debug_aranges
                0x0000000000000000       0x38 Core/Src/GT911.o
 .debug_aranges
                0x0000000000000038       0x58 Core/Src/main.o
 .debug_aranges
                0x0000000000000090       0x50 Core/Src/stm32f4xx_hal_msp.o
 .debug_aranges
                0x00000000000000e0       0x80 Core/Src/stm32f4xx_it.o
 .debug_aranges
                0x0000000000000160       0x28 Core/Src/system_stm32f4xx.o
 .debug_aranges
                0x0000000000000188       0x28 Core/Startup/startup_stm32f429igtx.o
 .debug_aranges
                0x00000000000001b0      0x100 Drivers/STM32F4xx_HAL_Driver/Src/stm32f4xx_hal.o
 .debug_aranges
                0x00000000000002b0      0x118 Drivers/STM32F4xx_HAL_Driver/Src/stm32f4xx_hal_cortex.o
 .debug_aranges
                0x00000000000003c8       0x50 Drivers/STM32F4xx_HAL_Driver/Src/stm32f4xx_hal_crc.o
 .debug_aranges
                0x0000000000000418       0x90 Drivers/STM32F4xx_HAL_Driver/Src/stm32f4xx_hal_dma.o
 .debug_aranges
                0x00000000000004a8      0x118 Drivers/STM32F4xx_HAL_Driver/Src/stm32f4xx_hal_dma2d.o
 .debug_aranges
                0x00000000000005c0       0x58 Drivers/STM32F4xx_HAL_Driver/Src/stm32f4xx_hal_gpio.o
 .debug_aranges
                0x0000000000000618      0x298 Drivers/STM32F4xx_HAL_Driver/Src/stm32f4xx_hal_i2c.o
 .debug_aranges
                0x00000000000008b0       0x28 Drivers/STM32F4xx_HAL_Driver/Src/stm32f4xx_hal_i2c_ex.o
 .debug_aranges
                0x00000000000008d8       0x60 Drivers/STM32F4xx_HAL_Driver/Src/stm32f4xx_hal_pwr_ex.o
 .debug_aranges
                0x0000000000000938       0x88 Drivers/STM32F4xx_HAL_Driver/Src/stm32f4xx_hal_rcc.o

.debug_ranges   0x0000000000000000      0x8e8
 .debug_ranges  0x0000000000000000       0x28 Core/Src/GT911.o
 .debug_ranges  0x0000000000000028       0x48 Core/Src/main.o
 .debug_ranges  0x0000000000000070       0x40 Core/Src/stm32f4xx_hal_msp.o
 .debug_ranges  0x00000000000000b0       0x70 Core/Src/stm32f4xx_it.o
 .debug_ranges  0x0000000000000120       0x18 Core/Src/system_stm32f4xx.o
 .debug_ranges  0x0000000000000138       0x20 Core/Startup/startup_stm32f429igtx.o
 .debug_ranges  0x0000000000000158       0xf0 Drivers/STM32F4xx_HAL_Driver/Src/stm32f4xx_hal.o
 .debug_ranges  0x0000000000000248      0x108 Drivers/STM32F4xx_HAL_Driver/Src/stm32f4xx_hal_cortex.o
 .debug_ranges  0x0000000000000350       0x40 Drivers/STM32F4xx_HAL_Driver/Src/stm32f4xx_hal_crc.o
 .debug_ranges  0x0000000000000390       0x80 Drivers/STM32F4xx_HAL_Driver/Src/stm32f4xx_hal_dma.o
 .debug_ranges  0x0000000000000410      0x108 Drivers/STM32F4xx_HAL_Driver/Src/stm32f4xx_hal_dma2d.o
 .debug_ranges  0x0000000000000518       0x48 Drivers/STM32F4xx_HAL_Driver/Src/stm32f4xx_hal_gpio.o
 .debug_ranges  0x0000000000000560      0x2a8 Drivers/STM32F4xx_HAL_Driver/Src/stm32f4xx_hal_i2c.o
 .debug_ranges  0x0000000000000808       0x18 Drivers/STM32F4xx_HAL_Driver/Src/stm32f4xx_hal_i2c_ex.o
 .debug_ranges  0x0000000000000820       0x50 Drivers/STM32F4xx_HAL_Driver/Src/stm32f4xx_hal_pwr_ex.o
 .debug_ranges  0x0000000000000870       0x78 Drivers/STM32F4xx_HAL_Driver/Src/stm32f4xx_hal_rcc.o

.debug_macro    0x0000000000000000    0x22f04
 .debug_macro   0x0000000000000000      0x1fc Core/Src/GT911.o
 .debug_macro   0x00000000000001fc      0xa5a Core/Src/GT911.o
 .debug_macro   0x0000000000000c56      0x190 Core/Src/GT911.o
 .debug_macro   0x0000000000000de6       0x32 Core/Src/GT911.o
 .debug_macro   0x0000000000000e18       0x28 Core/Src/GT911.o
 .debug_macro   0x0000000000000e40       0x22 Core/Src/GT911.o
 .debug_macro   0x0000000000000e62       0x8e Core/Src/GT911.o
 .debug_macro   0x0000000000000ef0       0x51 Core/Src/GT911.o
 .debug_macro   0x0000000000000f41       0xef Core/Src/GT911.o
 .debug_macro   0x0000000000001030       0x6a Core/Src/GT911.o
 .debug_macro   0x000000000000109a      0x1df Core/Src/GT911.o
 .debug_macro   0x0000000000001279       0x1c Core/Src/GT911.o
 .debug_macro   0x0000000000001295       0x22 Core/Src/GT911.o
 .debug_macro   0x00000000000012b7       0xdf Core/Src/GT911.o
 .debug_macro   0x0000000000001396     0x102d Core/Src/GT911.o
 .debug_macro   0x00000000000023c3      0x11f Core/Src/GT911.o
 .debug_macro   0x00000000000024e2    0x17f79 Core/Src/GT911.o
 .debug_macro   0x000000000001a45b       0x43 Core/Src/GT911.o
 .debug_macro   0x000000000001a49e     0x36c2 Core/Src/GT911.o
 .debug_macro   0x000000000001db60      0x174 Core/Src/GT911.o
 .debug_macro   0x000000000001dcd4       0x5a Core/Src/GT911.o
 .debug_macro   0x000000000001dd2e      0xca5 Core/Src/GT911.o
 .debug_macro   0x000000000001e9d3      0x9fe Core/Src/GT911.o
 .debug_macro   0x000000000001f3d1      0x182 Core/Src/GT911.o
 .debug_macro   0x000000000001f553      0x117 Core/Src/GT911.o
 .debug_macro   0x000000000001f66a      0x157 Core/Src/GT911.o
 .debug_macro   0x000000000001f7c1       0x27 Core/Src/GT911.o
 .debug_macro   0x000000000001f7e8      0x287 Core/Src/GT911.o
 .debug_macro   0x000000000001fa6f       0x5f Core/Src/GT911.o
 .debug_macro   0x000000000001face      0x236 Core/Src/GT911.o
 .debug_macro   0x000000000001fd04       0x22 Core/Src/GT911.o
 .debug_macro   0x000000000001fd26      0x20f Core/Src/GT911.o
 .debug_macro   0x000000000001ff35      0x132 Core/Src/GT911.o
 .debug_macro   0x0000000000020067      0x41d Core/Src/GT911.o
 .debug_macro   0x0000000000020484       0x2e Core/Src/GT911.o
 .debug_macro   0x00000000000204b2      0x1b5 Core/Src/GT911.o
 .debug_macro   0x0000000000020667       0x22 Core/Src/GT911.o
 .debug_macro   0x0000000000020689       0xd6 Core/Src/GT911.o
 .debug_macro   0x000000000002075f      0x11a Core/Src/GT911.o
 .debug_macro   0x0000000000020879       0xe2 Core/Src/GT911.o
 .debug_macro   0x000000000002095b       0x89 Core/Src/GT911.o
 .debug_macro   0x00000000000209e4      0x134 Core/Src/GT911.o
 .debug_macro   0x0000000000020b18       0x6a Core/Src/GT911.o
 .debug_macro   0x0000000000020b82      0x1f0 Core/Src/main.o
 .debug_macro   0x0000000000020d72       0x70 Core/Src/main.o
 .debug_macro   0x0000000000020de2      0x1e7 Core/Src/stm32f4xx_hal_msp.o
 .debug_macro   0x0000000000020fc9      0x2bb Core/Src/stm32f4xx_it.o
 .debug_macro   0x0000000000021284       0x46 Core/Src/stm32f4xx_it.o
 .debug_macro   0x00000000000212ca       0x18 Core/Src/stm32f4xx_it.o
 .debug_macro   0x00000000000212e2       0x3c Core/Src/stm32f4xx_it.o
 .debug_macro   0x000000000002131e       0x34 Core/Src/stm32f4xx_it.o
 .debug_macro   0x0000000000021352       0x52 Core/Src/stm32f4xx_it.o
 .debug_macro   0x00000000000213a4       0x1f Core/Src/stm32f4xx_it.o
 .debug_macro   0x00000000000213c3       0x43 Core/Src/stm32f4xx_it.o
 .debug_macro   0x0000000000021406       0x20 Core/Src/stm32f4xx_it.o
 .debug_macro   0x0000000000021426      0x1a3 Core/Src/stm32f4xx_it.o
 .debug_macro   0x00000000000215c9      0x32a Core/Src/stm32f4xx_it.o
 .debug_macro   0x00000000000218f3       0x10 Core/Src/stm32f4xx_it.o
 .debug_macro   0x0000000000021903       0x35 Core/Src/stm32f4xx_it.o
 .debug_macro   0x0000000000021938       0x20 Core/Src/stm32f4xx_it.o
 .debug_macro   0x0000000000021958      0x1e3 Core/Src/system_stm32f4xx.o
 .debug_macro   0x0000000000021b3b      0x23d Drivers/STM32F4xx_HAL_Driver/Src/stm32f4xx_hal.o
 .debug_macro   0x0000000000021d78      0x1dd Drivers/STM32F4xx_HAL_Driver/Src/stm32f4xx_hal_cortex.o
 .debug_macro   0x0000000000021f55      0x1dd Drivers/STM32F4xx_HAL_Driver/Src/stm32f4xx_hal_crc.o
 .debug_macro   0x0000000000022132      0x1e3 Drivers/STM32F4xx_HAL_Driver/Src/stm32f4xx_hal_dma.o
 .debug_macro   0x0000000000022315      0x1ec Drivers/STM32F4xx_HAL_Driver/Src/stm32f4xx_hal_dma2d.o
 .debug_macro   0x0000000000022501      0x213 Drivers/STM32F4xx_HAL_Driver/Src/stm32f4xx_hal_gpio.o
 .debug_macro   0x0000000000022714      0x21d Drivers/STM32F4xx_HAL_Driver/Src/stm32f4xx_hal_i2c.o
 .debug_macro   0x0000000000022931      0x1dd Drivers/STM32F4xx_HAL_Driver/Src/stm32f4xx_hal_i2c_ex.o
 .debug_macro   0x0000000000022b0e      0x1f5 Drivers/STM32F4xx_HAL_Driver/Src/stm32f4xx_hal_pwr_ex.o
 .debug_macro   0x0000000000022d03      0x201 Drivers/STM32F4xx_HAL_Driver/Src/stm32f4xx_hal_rcc.o

.debug_line     0x0000000000000000     0x9470
 .debug_line    0x0000000000000000      0x7c7 Core/Src/GT911.o
 .debug_line    0x00000000000007c7      0x7a4 Core/Src/main.o
 .debug_line    0x0000000000000f6b      0x773 Core/Src/stm32f4xx_hal_msp.o
 .debug_line    0x00000000000016de      0x92b Core/Src/stm32f4xx_it.o
 .debug_line    0x0000000000002009      0x6f4 Core/Src/system_stm32f4xx.o
 .debug_line    0x00000000000026fd       0x86 Core/Startup/startup_stm32f429igtx.o
 .debug_line    0x0000000000002783      0x902 Drivers/STM32F4xx_HAL_Driver/Src/stm32f4xx_hal.o
 .debug_line    0x0000000000003085      0xa02 Drivers/STM32F4xx_HAL_Driver/Src/stm32f4xx_hal_cortex.o
 .debug_line    0x0000000000003a87      0x78d Drivers/STM32F4xx_HAL_Driver/Src/stm32f4xx_hal_crc.o
 .debug_line    0x0000000000004214      0x9ac Drivers/STM32F4xx_HAL_Driver/Src/stm32f4xx_hal_dma.o
 .debug_line    0x0000000000004bc0      0xc9f Drivers/STM32F4xx_HAL_Driver/Src/stm32f4xx_hal_dma2d.o
 .debug_line    0x000000000000585f      0x8e5 Drivers/STM32F4xx_HAL_Driver/Src/stm32f4xx_hal_gpio.o
 .debug_line    0x0000000000006144     0x1b18 Drivers/STM32F4xx_HAL_Driver/Src/stm32f4xx_hal_i2c.o
 .debug_line    0x0000000000007c5c      0x70e Drivers/STM32F4xx_HAL_Driver/Src/stm32f4xx_hal_i2c_ex.o
 .debug_line    0x000000000000836a      0x7d0 Drivers/STM32F4xx_HAL_Driver/Src/stm32f4xx_hal_pwr_ex.o
 .debug_line    0x0000000000008b3a      0x936 Drivers/STM32F4xx_HAL_Driver/Src/stm32f4xx_hal_rcc.o

.debug_str      0x0000000000000000    0xd182f
 .debug_str     0x0000000000000000    0xcbb00 Core/Src/GT911.o
                                      0xcbde8 (size before relaxing)
 .debug_str     0x00000000000cbb00      0xa56 Core/Src/main.o
                                      0xcc790 (size before relaxing)
 .debug_str     0x00000000000cc556       0x9b Core/Src/stm32f4xx_hal_msp.o
                                      0xcc4d3 (size before relaxing)
 .debug_str     0x00000000000cc5f1     0x302d Core/Src/stm32f4xx_it.o
                                      0xcedae (size before relaxing)
 .debug_str     0x00000000000cf61e       0xc4 Core/Src/system_stm32f4xx.o
                                      0xcb791 (size before relaxing)
 .debug_str     0x00000000000cf6e2       0x36 Core/Startup/startup_stm32f429igtx.o
                                         0x74 (size before relaxing)
 .debug_str     0x00000000000cf718      0x5c8 Drivers/STM32F4xx_HAL_Driver/Src/stm32f4xx_hal.o
                                      0xcc2fd (size before relaxing)
 .debug_str     0x00000000000cfce0      0x399 Drivers/STM32F4xx_HAL_Driver/Src/stm32f4xx_hal_cortex.o
                                      0xcc09e (size before relaxing)
 .debug_str     0x00000000000d0079       0xaa Drivers/STM32F4xx_HAL_Driver/Src/stm32f4xx_hal_crc.o
                                      0xcb7c3 (size before relaxing)
 .debug_str     0x00000000000d0123      0x31d Drivers/STM32F4xx_HAL_Driver/Src/stm32f4xx_hal_dma.o
                                      0xcbb93 (size before relaxing)
 .debug_str     0x00000000000d0440      0x3bd Drivers/STM32F4xx_HAL_Driver/Src/stm32f4xx_hal_dma2d.o
                                      0xcbd78 (size before relaxing)
 .debug_str     0x00000000000d07fd      0x207 Drivers/STM32F4xx_HAL_Driver/Src/stm32f4xx_hal_gpio.o
                                      0xcb9d0 (size before relaxing)
 .debug_str     0x00000000000d0a04      0xa6d Drivers/STM32F4xx_HAL_Driver/Src/stm32f4xx_hal_i2c.o
                                      0xcc6cc (size before relaxing)
 .debug_str     0x00000000000d1471       0x3b Drivers/STM32F4xx_HAL_Driver/Src/stm32f4xx_hal_i2c_ex.o
                                      0xcbb8b (size before relaxing)
 .debug_str     0x00000000000d14ac      0x135 Drivers/STM32F4xx_HAL_Driver/Src/stm32f4xx_hal_pwr_ex.o
                                      0xcb974 (size before relaxing)
 .debug_str     0x00000000000d15e1      0x24e Drivers/STM32F4xx_HAL_Driver/Src/stm32f4xx_hal_rcc.o
                                      0xcbb7e (size before relaxing)

.comment        0x0000000000000000       0x7b
 .comment       0x0000000000000000       0x7b Core/Src/GT911.o
                                         0x7c (size before relaxing)
 .comment       0x000000000000007b       0x7c Core/Src/main.o
 .comment       0x000000000000007b       0x7c Core/Src/stm32f4xx_hal_msp.o
 .comment       0x000000000000007b       0x7c Core/Src/stm32f4xx_it.o
 .comment       0x000000000000007b       0x7c Core/Src/system_stm32f4xx.o
 .comment       0x000000000000007b       0x7c Drivers/STM32F4xx_HAL_Driver/Src/stm32f4xx_hal.o
 .comment       0x000000000000007b       0x7c Drivers/STM32F4xx_HAL_Driver/Src/stm32f4xx_hal_cortex.o
 .comment       0x000000000000007b       0x7c Drivers/STM32F4xx_HAL_Driver/Src/stm32f4xx_hal_crc.o
 .comment       0x000000000000007b       0x7c Drivers/STM32F4xx_HAL_Driver/Src/stm32f4xx_hal_dma.o
 .comment       0x000000000000007b       0x7c Drivers/STM32F4xx_HAL_Driver/Src/stm32f4xx_hal_dma2d.o
 .comment       0x000000000000007b       0x7c Drivers/STM32F4xx_HAL_Driver/Src/stm32f4xx_hal_gpio.o
 .comment       0x000000000000007b       0x7c Drivers/STM32F4xx_HAL_Driver/Src/stm32f4xx_hal_i2c.o
 .comment       0x000000000000007b       0x7c Drivers/STM32F4xx_HAL_Driver/Src/stm32f4xx_hal_i2c_ex.o
 .comment       0x000000000000007b       0x7c Drivers/STM32F4xx_HAL_Driver/Src/stm32f4xx_hal_pwr_ex.o
 .comment       0x000000000000007b       0x7c Drivers/STM32F4xx_HAL_Driver/Src/stm32f4xx_hal_rcc.o

.debug_frame    0x0000000000000000     0x270c
 .debug_frame   0x0000000000000000       0x9c Core/Src/GT911.o
 .debug_frame   0x000000000000009c      0x10c Core/Src/main.o
 .debug_frame   0x00000000000001a8      0x120 Core/Src/stm32f4xx_hal_msp.o
 .debug_frame   0x00000000000002c8      0x184 Core/Src/stm32f4xx_it.o
 .debug_frame   0x000000000000044c       0x58 Core/Src/system_stm32f4xx.o
 .debug_frame   0x00000000000004a4      0x3b4 Drivers/STM32F4xx_HAL_Driver/Src/stm32f4xx_hal.o
 .debug_frame   0x0000000000000858      0x498 Drivers/STM32F4xx_HAL_Driver/Src/stm32f4xx_hal_cortex.o
 .debug_frame   0x0000000000000cf0      0x120 Drivers/STM32F4xx_HAL_Driver/Src/stm32f4xx_hal_crc.o
 .debug_frame   0x0000000000000e10      0x250 Drivers/STM32F4xx_HAL_Driver/Src/stm32f4xx_hal_dma.o
 .debug_frame   0x0000000000001060      0x4e0 Drivers/STM32F4xx_HAL_Driver/Src/stm32f4xx_hal_dma2d.o
 .debug_frame   0x0000000000001540      0x14c Drivers/STM32F4xx_HAL_Driver/Src/stm32f4xx_hal_gpio.o
 .debug_frame   0x000000000000168c      0xc38 Drivers/STM32F4xx_HAL_Driver/Src/stm32f4xx_hal_i2c.o
 .debug_frame   0x00000000000022c4       0x60 Drivers/STM32F4xx_HAL_Driver/Src/stm32f4xx_hal_i2c_ex.o
 .debug_frame   0x0000000000002324      0x14c Drivers/STM32F4xx_HAL_Driver/Src/stm32f4xx_hal_pwr_ex.o
 .debug_frame   0x0000000000002470      0x1f0 Drivers/STM32F4xx_HAL_Driver/Src/stm32f4xx_hal_rcc.o
 .debug_frame   0x0000000000002660       0x2c c:/st/stm32cubeide_1.1.0/stm32cubeide/plugins/com.st.stm32cube.ide.mcu.externaltools.gnu-tools-for-stm32.7-2018-q2-update.win32_1.0.0.201904181610/tools/bin/../lib/gcc/arm-none-eabi/7.3.1/../../../../arm-none-eabi/lib/thumb/v7e-m/fpv4-sp/hard\libc_nano.a(lib_a-init.o)
 .debug_frame   0x000000000000268c       0x20 c:/st/stm32cubeide_1.1.0/stm32cubeide/plugins/com.st.stm32cube.ide.mcu.externaltools.gnu-tools-for-stm32.7-2018-q2-update.win32_1.0.0.201904181610/tools/bin/../lib/gcc/arm-none-eabi/7.3.1/../../../../arm-none-eabi/lib/thumb/v7e-m/fpv4-sp/hard\libc_nano.a(lib_a-memset.o)
 .debug_frame   0x00000000000026ac       0x2c c:/st/stm32cubeide_1.1.0/stm32cubeide/plugins/com.st.stm32cube.ide.mcu.externaltools.gnu-tools-for-stm32.7-2018-q2-update.win32_1.0.0.201904181610/tools/bin/../lib/gcc/arm-none-eabi/7.3.1/thumb/v7e-m/fpv4-sp/hard\libgcc.a(_aeabi_uldivmod.o)
 .debug_frame   0x00000000000026d8       0x34 c:/st/stm32cubeide_1.1.0/stm32cubeide/plugins/com.st.stm32cube.ide.mcu.externaltools.gnu-tools-for-stm32.7-2018-q2-update.win32_1.0.0.201904181610/tools/bin/../lib/gcc/arm-none-eabi/7.3.1/thumb/v7e-m/fpv4-sp/hard\libgcc.a(_udivmoddi4.o)
