stm32f4xx_it.c:79:6:NMI_Handler	4	static
stm32f4xx_it.c:92:6:HardFault_Handler	4	static
stm32f4xx_it.c:107:6:MemManage_Handler	4	static
stm32f4xx_it.c:122:6:BusFault_Handler	4	static
stm32f4xx_it.c:137:6:UsageFault_Handler	4	static
stm32f4xx_it.c:152:6:SVC_Handler	4	static
stm32f4xx_it.c:165:6:DebugMon_Handler	4	static
stm32f4xx_it.c:178:6:PendSV_Handler	4	static
stm32f4xx_it.c:191:6:SysTick_Handler	8	static
stm32f4xx_it.c:211:6:DMA1_Stream0_IRQHandler	24	static
stm32f4xx_it.c:229:6:DMA1_Stream6_IRQHandler	8	static
stm32f4xx_it.c:246:6:EXTI9_5_IRQHandler	8	static
stm32f4xx_it.c:263:6:I2C1_EV_IRQHandler	8	static
