15:50:11 **** Incremental Build of configuration Debug for project GT911_DMA ****
make -j8 all 
arm-none-eabi-size   GT911_DMA.elf 
   text	   data	    bss	    dec	    hex	filename
  21880	     20	   2092	  23992	   5db8	GT911_DMA.elf
Finished building: default.size.stdout
 
15:50:14 **** Incremental Build of configuration Debug for project GT911_DMA ****
make -j8 all 
arm-none-eabi-size   GT911_DMA.elf 
   text	   data	    bss	    dec	    hex	filename
  21880	     20	   2092	  23992	   5db8	GT911_DMA.elf
Finished building: default.size.stdout
 
